// Jest Snapshot v1, https://goo.gl/fbAQLP

exports[`<CustomerInput check default props /> 1`] = `
<input
  name="customer_email"
  onBlur={[Function]}
  placeholder=""
  required={true}
  type="email"
/>
`;

exports[`<CustomerInput with custom children /> 1`] = `<span />`;

exports[`<CustomerInput/> 1`] = `
<input
  name="customer_email"
  onBlur={[Function]}
  placeholder=""
  required={true}
  type="email"
/>
`;
